// Bun Snapshot v1, https://goo.gl/fbAQLP

exports[`deps command basic dependency structure should display tree diagram by default 1`] = `
"Fiber Dependency Diagram:
â”€â”€â”€â”€â”€â”€â”€â”€â”€â”€â”€â”€â”€â”€â”€â”€â”€â”€â”€â”€â”€â”€â”€â”€â”€
â””â”€â”€ ðŸŸ¢ core
    â”œâ”€â”€ ðŸŸ¢ dev
    â”‚   â””â”€â”€ ðŸŸ¢ app
    â”‚       â””â”€â”€ âš« plugin
    â””â”€â”€ ðŸŸ¢ utils"
`;

exports[`deps command basic dependency structure should output JSON when --json flag is used 1`] = `
"Fiber Dependency Diagram:
â”€â”€â”€â”€â”€â”€â”€â”€â”€â”€â”€â”€â”€â”€â”€â”€â”€â”€â”€â”€â”€â”€â”€â”€â”€
â””â”€â”€ ðŸŸ¢ core
    â”œâ”€â”€ ðŸŸ¢ dev
    â”‚   â””â”€â”€ ðŸŸ¢ app
    â”‚       â””â”€â”€ âš« plugin
    â””â”€â”€ ðŸŸ¢ utils"
`;

exports[`deps command basic dependency structure should hide disabled fibers when --hide-disabled flag is used 1`] = `
"Fiber Dependency Diagram:
â”€â”€â”€â”€â”€â”€â”€â”€â”€â”€â”€â”€â”€â”€â”€â”€â”€â”€â”€â”€â”€â”€â”€â”€â”€
â””â”€â”€ ðŸŸ¢ core
    â”œâ”€â”€ ðŸŸ¢ dev
    â”‚   â””â”€â”€ ðŸŸ¢ app
    â”‚       â””â”€â”€ âš« plugin
    â””â”€â”€ ðŸŸ¢ utils"
`;

exports[`deps command basic dependency structure should show flat list when --flat flag is used 1`] = `
"Fiber Dependency Diagram:
â”€â”€â”€â”€â”€â”€â”€â”€â”€â”€â”€â”€â”€â”€â”€â”€â”€â”€â”€â”€â”€â”€â”€â”€â”€
â””â”€â”€ ðŸŸ¢ core
    â”œâ”€â”€ ðŸŸ¢ dev
    â”‚   â””â”€â”€ ðŸŸ¢ app
    â”‚       â””â”€â”€ âš« plugin
    â””â”€â”€ ðŸŸ¢ utils"
`;

exports[`deps command complex dependency structure should show reverse dependencies when --reverse flag is used 1`] = `
"Fiber Dependency Diagram:
â”€â”€â”€â”€â”€â”€â”€â”€â”€â”€â”€â”€â”€â”€â”€â”€â”€â”€â”€â”€â”€â”€â”€â”€â”€
â””â”€â”€ ðŸŸ¢ core
    â””â”€â”€ ðŸŸ¢ dev
        â””â”€â”€ ðŸŸ¢ ui
            â””â”€â”€ ðŸŸ¢ api
                â””â”€â”€ âš« data"
`;

exports[`deps command complex dependency structure should show detailed information when --detailed flag is used 1`] = `
"Fiber Dependency Diagram:
â”€â”€â”€â”€â”€â”€â”€â”€â”€â”€â”€â”€â”€â”€â”€â”€â”€â”€â”€â”€â”€â”€â”€â”€â”€
â””â”€â”€ ðŸŸ¢ core
    â””â”€â”€ ðŸŸ¢ dev
        â””â”€â”€ ðŸŸ¢ ui
            â””â”€â”€ ðŸŸ¢ api
                â””â”€â”€ âš« data"
`;

exports[`deps command complex dependency structure should output GraphViz format when --graphviz flag is used 1`] = `
"Fiber Dependency Diagram:
â”€â”€â”€â”€â”€â”€â”€â”€â”€â”€â”€â”€â”€â”€â”€â”€â”€â”€â”€â”€â”€â”€â”€â”€â”€
â””â”€â”€ ðŸŸ¢ core
    â””â”€â”€ ðŸŸ¢ dev
        â””â”€â”€ ðŸŸ¢ ui
            â””â”€â”€ ðŸŸ¢ api
                â””â”€â”€ âš« data"
`;

exports[`deps command complex dependency structure should handle multiple flags together 1`] = `
"Fiber dependencies:

ðŸŸ¢ core: required by api, data, dev, ui
ðŸŸ¢ api: required by core, data
âš« data: required by core
ðŸŸ¢ dev: required by core, api, ui
ðŸŸ¢ ui: required by core, api, data"
`;
